apiVersion: rbac.authorization.k8s.io/v1
kind: ClusterRole
metadata:
  annotations: {}
  labels:
    name: syn-argocd-edit
    rbac.authorization.k8s.io/aggregate-to-admin: 'true'
    rbac.authorization.k8s.io/aggregate-to-edit: 'true'
  name: syn-argocd-edit
rules:
  - apiGroups:
      - argoproj.io
    resources:
      - applications
      - appprojects
    verbs:
      - create
      - delete
      - deletecollection
      - patch
      - update
