apiVersion: v1
kind: ServiceAccount
metadata:
  name: syn-argocd-operator-controller-manager
  namespace: syn-argocd-operator
