apiVersion: rbac.authorization.k8s.io/v1
kind: ClusterRole
metadata:
  labels:
    app.kubernetes.io/component: server
    app.kubernetes.io/name: argocd-server
    app.kubernetes.io/part-of: argocd
  name: syn-argocd-server
rules:
  - apiGroups:
      - '*'
    resources:
      - '*'
    verbs:
      - delete
      - get
      - patch
  - apiGroups:
      - ''
    resources:
      - events
    verbs:
      - list
  - apiGroups:
      - ''
    resources:
      - pods
      - pods/log
    verbs:
      - get
