apiVersion: rbac.authorization.k8s.io/v1
kind: ClusterRole
metadata:
  labels:
    name: syn-argocd-view
    rbac.authorization.k8s.io/aggregate-to-admin: 'true'
    rbac.authorization.k8s.io/aggregate-to-edit: 'true'
    rbac.authorization.k8s.io/aggregate-to-view: 'true'
  name: syn-argocd-view
rules:
  - apiGroups:
      - argoproj.io
    resources:
      - applications
      - appprojects
    verbs:
      - get
      - list
      - watch
