apiVersion: networking.k8s.io/v1
kind: NetworkPolicy
metadata:
  annotations: {}
  labels:
    name: argocd-allow-same-namespace
  name: argocd-allow-same-namespace
  namespace: syn
spec:
  ingress:
    - from:
        - podSelector: {}
  podSelector: {}
  policyTypes:
    - Ingress
