apiVersion: rbac.authorization.k8s.io/v1
kind: Role
metadata:
  labels:
    app.kubernetes.io/component: redis
    app.kubernetes.io/name: argocd-redis
    app.kubernetes.io/part-of: argocd
  name: argocd-redis
  namespace: syn
rules:
  - apiGroups:
      - security.openshift.io
    resourceNames:
      - nonroot
    resources:
      - securitycontextconstraints
    verbs:
      - use
