apiVersion: argoproj.io/v1alpha1
kind: AppProject
metadata:
  name: default
  namespace: syn
spec:
  clusterResourceWhitelist:
    - group: '*'
      kind: '*'
  destinations:
    - namespace: '*'
      server: '*'
  sourceRepos:
    - '*'
