apiVersion: v1
data:
  vault-agent-config.json: "{\n    \"auto_auth\": {\n        \"method\": [\n     \
    \       {\n                \"config\": {\n                    \"role\": \"test\"\
    ,\n                    \"token_path\": \"/var/run/secrets/syn/token\"\n      \
    \          },\n                \"type\": \"kubernetes\"\n            }\n     \
    \   ],\n        \"sinks\": [\n            {\n                \"sink\": {\n   \
    \                 \"config\": {\n                        \"mode\": 644,\n    \
    \                    \"path\": \"/home/vault/.vault-token\"\n                \
    \    },\n                    \"type\": \"file\"\n                }\n         \
    \   }\n        ]\n    },\n    \"exit_after_auth\": false,\n    \"mount_path\"\
    : \"auth/lieutenant\"\n}"
kind: ConfigMap
metadata:
  annotations: {}
  labels:
    name: vault-agent-config
  name: vault-agent-config
  namespace: syn
