apiVersion: rbac.authorization.k8s.io/v1
kind: Role
metadata:
  annotations: {}
  labels:
    name: argocd-hooks
  name: argocd-hooks
  namespace: syn
rules:
  - apiGroups:
      - apps
    resources:
      - deployments
      - statefulsets
    verbs:
      - list
      - get
      - update
      - patch
  - apiGroups:
      - ''
    resources:
      - services
    verbs:
      - list
      - get
      - update
      - patch
---
apiVersion: v1
kind: ServiceAccount
metadata:
  annotations: {}
  labels:
    name: argocd-hooks
  name: argocd-hooks
  namespace: syn
---
apiVersion: rbac.authorization.k8s.io/v1
kind: RoleBinding
metadata:
  annotations: {}
  labels:
    name: argocd-hooks
  name: argocd-hooks
  namespace: syn
roleRef:
  apiGroup: rbac.authorization.k8s.io
  kind: Role
  name: argocd-hooks
subjects:
  - kind: ServiceAccount
    name: argocd-hooks
    namespace: syn
---
apiVersion: batch/v1
kind: Job
metadata:
  annotations:
    argocd.argoproj.io/hook: PostSync
    argocd.argoproj.io/hook-delete-policy: HookSucceeded
  generateName: argocd-post-sync-
  labels: {}
  namespace: syn
spec:
  completions: 1
  parallelism: 1
  template:
    metadata:
      labels: {}
    spec:
      containers:
        - args:
            - -n
            - syn
            - annotate
            - deployment,statefulset,service
            - -l
            - steward.syn.tools/bootstrap=true
            - argocd.argoproj.io/sync-options-
          command:
            - kubectl
          env:
            - name: HOME
              value: /home
          image: docker.io/bitnami/kubectl:1.28.7@sha256:4bf273f9b5cc511dfb2420b0ca302b3dc93c4368e8ab460a190964d2a14282cf
          imagePullPolicy: IfNotPresent
          name: argocd-post-sync
          ports: []
          stdin: false
          tty: false
          volumeMounts:
            - mountPath: /home
              name: home
          workingDir: /home
      imagePullSecrets: []
      initContainers: []
      restartPolicy: OnFailure
      serviceAccountName: argocd-hooks
      terminationGracePeriodSeconds: 30
      volumes:
        - emptyDir: {}
          name: home
