apiVersion: rbac.authorization.k8s.io/v1
kind: RoleBinding
metadata:
  name: syn-argocd-operator-leader-election-rolebinding
  namespace: syn-argocd-operator
roleRef:
  apiGroup: rbac.authorization.k8s.io
  kind: Role
  name: syn-argocd-operator-leader-election-role
subjects:
- kind: ServiceAccount
  name: syn-argocd-operator-controller-manager
  namespace: syn-argocd-operator
