apiVersion: v1
kind: Namespace
metadata:
  annotations: {}
  labels:
    SYNMonitoring: main
    app.kubernetes.io/part-of: argocd
    name: syn
    openshift.io/cluster-monitoring: 'true'
  name: syn
