apiVersion: v1
kind: Secret
metadata:
  annotations: {}
  labels:
    app.kubernetes.io/part-of: argocd
    name: argocd-secret
  name: argocd-secret
  namespace: syn
type: Opaque
