apiVersion: v1
data:
  ssh_known_hosts: 'bitbucket.org ssh-rsa AAAAB3NzaC1yc2EAAAABIwAAAQEAubiN81eDcafrgMeLzaFPsw2kNvEcqTKl/VqLat/MaB33pZy0y3rJZtnqwR2qOOvbwKZYKiEO1O6VqNEBxKvJJelCq0dTXWT5pbO2gDXC6h6QDXCaHo6pOHGPUy+YBaGQRGuSusMEASYiWunYN0vCAI8QaXnWMXNMdFP3jHAJH0eDsoiGnLPBlBp4TNm6rYI74nMzgz3B9IikW4WVK+dc8KZJZWYjAuORU3jc1c/NPskD2ASinf8v3xnfXeukU0sJ5N6m5E8VLjObPEO+mN2t/FZTMZLiFqPWc/ALSqnMnnhwrNi2rbfg/rd/IpL8Le3pSBne8+seeFVBoGqzHM9yXw==

    github.com ssh-rsa AAAAB3NzaC1yc2EAAAABIwAAAQEAq2A7hRGmdnm9tUDbO9IDSwBK6TbQa+PXYPCPy6rbTrTtw7PHkccKrpp0yVhp5HdEIcKr6pLlVDBfOLX9QUsyCOV0wzfjIJNlGEYsdlLJizHhbn2mUjvSAHQqZETYP81eFzLQNnPHt4EVVUh7VfDESU84KezmD5QlWpXLmvU31/yMf+Se8xhHTvKSCZIFImWwoG6mbUoWf9nzpIoaSjB+weqqUUmpaaasXVal72J+UX2B+2RPW3RcT0eOzQgqlJL3RKrTJvdsjE3JEAvGq3lGHSZXy28G3skua2SmVi/w4yCE6gbODqnTWlg7+wC604ydGXA8VJiS5ap43JXiUFFAaQ==

    gitlab.com ecdsa-sha2-nistp256 AAAAE2VjZHNhLXNoYTItbmlzdHAyNTYAAAAIbmlzdHAyNTYAAABBBFSMqzJeV9rUzU4kWitGjeR4PWSa29SPqJ1fVkhtj3Hw9xjLVXVYrU9QlYWrOLXBpQ6KWjbjTDTdDkoohFzgbEY=

    gitlab.com ssh-ed25519 AAAAC3NzaC1lZDI1NTE5AAAAIAfuCHKVTjquxvt6CM6tdG4SLp1Btn/nOeHHE5UOzRdf

    gitlab.com ssh-rsa AAAAB3NzaC1yc2EAAAADAQABAAABAQCsj2bNKTBSpIYDEGk9KxsGh3mySTRgMtXL583qmBpzeQ+jqCMRgBqB98u3z++J1sKlXHWfM9dyhSevkMwSbhoR8XIq/U0tCNyokEi/ueaBMCvbcTHhO7FcwzY92WK4Yt0aGROY5qX2UKSeOvuP4D6TPqKF1onrSzH9bx9XUf2lEdWT/ia1NEKjunUqu1xOB/StKDHMoX4/OKyIzuS0q/T1zOATthvasJFoPrAjkohTyaDUz2LN5JoH839hViyEG82yB+MjcFV5MU3N1l1QL3cVUCh93xSaua1N85qivl+siMkPGbO5xR/En4iEY6K2XPASUEMaieWVNTRCtJ4S8H+9

    ssh.dev.azure.com ssh-rsa AAAAB3NzaC1yc2EAAAADAQABAAABAQC7Hr1oTWqNqOlzGJOfGJ4NakVyIzf1rXYd4d7wo6jBlkLvCA4odBlL0mDUyZ0/QUfTTqeu+tm22gOsv+VrVTMk6vwRU75gY/y9ut5Mb3bR5BV58dKXyq9A9UeB5Cakehn5Zgm6x1mKoVyf+FFn26iYqXJRgzIZZcZ5V6hrE0Qg39kZm4az48o0AUbf6Sp4SLdvnuMa2sVNwHBboS7EJkm57XQPVU3/QpyNLHbWDdzwtrlS+ez30S3AdYhLKEOxAG8weOnyrtLJAUen9mTkol8oII1edf7mWWbWVf0nBmly21+nZcmCTISQBtdcyPaEno7fFQMDD26/s0lfKob4Kw8H

    vs-ssh.visualstudio.com ssh-rsa AAAAB3NzaC1yc2EAAAADAQABAAABAQC7Hr1oTWqNqOlzGJOfGJ4NakVyIzf1rXYd4d7wo6jBlkLvCA4odBlL0mDUyZ0/QUfTTqeu+tm22gOsv+VrVTMk6vwRU75gY/y9ut5Mb3bR5BV58dKXyq9A9UeB5Cakehn5Zgm6x1mKoVyf+FFn26iYqXJRgzIZZcZ5V6hrE0Qg39kZm4az48o0AUbf6Sp4SLdvnuMa2sVNwHBboS7EJkm57XQPVU3/QpyNLHbWDdzwtrlS+ez30S3AdYhLKEOxAG8weOnyrtLJAUen9mTkol8oII1edf7mWWbWVf0nBmly21+nZcmCTISQBtdcyPaEno7fFQMDD26/s0lfKob4Kw8H

    git.vshn.net ssh-rsa AAAAB3NzaC1yc2EAAAADAQABAAABAQCnE1dMkh+3uHWck+cTvQqeNUW0lj1uVcIC9JX2Tg6gmkKCYA73+o+I7vo4g6nPtSOAfITvYdHJLzwE9GwlSFsXHMR9q0ErWl2wC+w6FawLMz9//5XqiBi2qq/8WnWp3ecY16jDoGRW4eymT+USFHKJVi696XBy3WE/0BBapPZ58WPqkKN6A27qkIK6FehI80f+zN4ZqikdwWuCFs35fsimcmLnWqWPm8zbOkgCiB+ov4O/xmRNHwJWCk/qzU6X/M9YtMXzAa5mjwDvcHSAizFD3a3Fv68G1VsmRZ0THLrRKM/WOxrWNZoimSNgyjTzoCwiKeckvL5+hpNcNSW+eBPt

    git.vshn.net ssh-ed25519 AAAAC3NzaC1lZDI1NTE5AAAAIO9EkPcVdsz/oVTI2VJkBlq8Mv/dg3rhcbgzAEKyiwUG

    gitlab-dev.syn.tools ssh-rsa AAAAB3NzaC1yc2EAAAADAQABAAABAQDybOH3scUSfAJFkskpVn1VcL1mPNSiV05asrCCjDTzSJOeJuCE99KkHf7eTA29as9NaqtMtJcCxhptLfNaRzUR3zf29eUuPhkh2B5PUaqLpsbm6330QxvWsZNJyI8Cf7i78O3qe4dv7p2Fe78ayLKX/q3dRj0PZnl7kMj7YpCfY7VCndqoIKEOlIEqNjzAFhHLgHEMJ8f8cM5s4qorgc3TdCqORGVs5vqkeNm977yz2hMxB7iEET4O2jfBUHzzZ68T5h5AtrL5YVBMP0xTgaLskk7/QnoEsfKAgTXo/AaUuXbzM6N0nIjH00Ll0s6P2fWyRVXz05eauZZhBS85GQTD

    gitlab-dev.syn.tools ecdsa-sha2-nistp256 AAAAE2VjZHNhLXNoYTItbmlzdHAyNTYAAAAIbmlzdHAyNTYAAABBBCz/gtGxqX+WS6E9/NLYTkRLkM7r7JHU5N7vz2kJjRbjhR91JvP7NaHtuN5aPm5Wv9rtPKSackQ9B78VCkr6GLw=

    gitlab-dev.syn.tools ssh-ed25519 AAAAC3NzaC1lZDI1NTE5AAAAIKtv4stHQjApa7wkgvgo4dB52qLzI/zN2Us+89cQXXm0

    '
kind: ConfigMap
metadata:
  annotations: {}
  labels:
    app.kubernetes.io/part-of: argocd
    name: argocd-ssh-known-hosts-cm
  name: argocd-ssh-known-hosts-cm
  namespace: syn
