apiVersion: v1
kind: Secret
metadata:
  annotations: {}
  labels:
    app.kubernetes.io/part-of: argocd
    name: argo-ssh-key
  name: argo-ssh-key
  namespace: syn
type: Opaque
