apiVersion: v1
kind: Secret
metadata:
  annotations: {}
  labels:
    name: argo-ssh-key
  name: argo-ssh-key
type: Opaque
