apiVersion: rbac.authorization.k8s.io/v1
kind: Role
metadata:
  annotations: {}
  labels:
    name: cluster-info-access
  name: cluster-info-access
  namespace: syn
rules:
  - apiGroups:
      - ''
    resourceNames:
      - cluster-info
    resources:
      - configmaps
    verbs:
      - get
---
apiVersion: rbac.authorization.k8s.io/v1
kind: RoleBinding
metadata:
  annotations: {}
  labels:
    name: cluster-info-access
  name: cluster-info-access
  namespace: syn
roleRef:
  apiGroup: rbac.authorization.k8s.io
  kind: Role
  name: cluster-info-access
subjects:
  - apiGroup: rbac.authorization.k8s.io
    kind: Group
    name: system:authenticated
