apiVersion: argoproj.io/v1alpha1
kind: AppProject
metadata:
  labels:
    name: other-project
  name: other-project
  namespace: some-namespace
spec:
  clusterResourceWhitelist: []
  destinations:
    - namespace: other-*
      server: https://kubernetes.default.svc
  sourceNamespaces:
    - two
---
apiVersion: argoproj.io/v1alpha1
kind: AppProject
metadata:
  labels:
    name: some-project
  name: some-project
  namespace: some-namespace
spec:
  clusterResourceWhitelist: []
  destinations:
    - namespace: corp-*
      server: https://kubernetes.default.svc
  sourceNamespaces:
    - one
