apiVersion: v1
kind: Service
metadata:
  labels:
    control-plane: argocd-operator
  name: syn-argocd-operator-controller-manager-metrics-service
  namespace: syn-argocd-operator
spec:
  ports:
  - name: https
    port: 8443
    targetPort: 8080
  selector:
    control-plane: argocd-operator
