apiVersion: apps/v1
kind: StatefulSet
metadata:
  labels:
    app.kubernetes.io/component: application-controller
    app.kubernetes.io/name: argocd-application-controller
    app.kubernetes.io/part-of: argocd
  name: argocd-application-controller
  namespace: syn
spec:
  replicas: 1
  selector:
    matchLabels:
      app.kubernetes.io/name: argocd-application-controller
  serviceName: argocd-application-controller
  template:
    metadata:
      labels:
        app.kubernetes.io/name: argocd-application-controller
    spec:
      affinity:
        podAntiAffinity:
          preferredDuringSchedulingIgnoredDuringExecution:
            - podAffinityTerm:
                labelSelector:
                  matchLabels:
                    app.kubernetes.io/name: argocd-application-controller
                topologyKey: kubernetes.io/hostname
              weight: 100
            - podAffinityTerm:
                labelSelector:
                  matchLabels:
                    app.kubernetes.io/part-of: argocd
                topologyKey: kubernetes.io/hostname
              weight: 5
      containers:
        - command:
            - argocd-application-controller
            - --status-processors
            - '20'
            - --operation-processors
            - '10'
            - --app-resync
            - '180'
          image: quay.io/argoproj/argocd:v2.0.4@sha256:976dfbfadb817ba59f4f641597a13df7b967cd5a1059c966fa843869c9463348
          imagePullPolicy: IfNotPresent
          livenessProbe:
            httpGet:
              path: /healthz
              port: 8082
            initialDelaySeconds: 5
            periodSeconds: 10
          name: argocd-application-controller
          ports:
            - containerPort: 8082
          readinessProbe:
            httpGet:
              path: /healthz
              port: 8082
            initialDelaySeconds: 5
            periodSeconds: 10
          securityContext:
            allowPrivilegeEscalation: false
            capabilities:
              drop:
                - all
          volumeMounts:
            - mountPath: /app/config/controller/tls
              name: argocd-repo-server-tls
      serviceAccountName: argocd-application-controller
      volumes:
        - name: argocd-repo-server-tls
          secret:
            items:
              - key: tls.crt
                path: tls.crt
              - key: tls.key
                path: tls.key
              - key: ca.crt
                path: ca.crt
            optional: true
            secretName: argocd-repo-server-tls
