apiVersion: v1
kind: Namespace
metadata:
  labels:
    control-plane: argocd-operator
  name: syn-argocd-operator
