apiVersion: v1
kind: Service
metadata:
  name: syn-argocd-operator-webhook-service
  namespace: syn-argocd-operator
spec:
  ports:
  - port: 443
    protocol: TCP
    targetPort: 9443
  selector:
    control-plane: argocd-operator
