apiVersion: v1
data:
  cluster_id: c-green-test-1234
  tenant_id: t-silent-test-1234
kind: ConfigMap
metadata:
  annotations:
    syn.tools/description: The cluster-info config map contains a selection of Project
      Syn metadata associated with the cluster. All authenticated users can access
      this configmap.
  labels:
    name: cluster-info
  name: cluster-info
  namespace: syn
