apiVersion: v1
data: {}
kind: ConfigMap
metadata:
  annotations: {}
  labels:
    app.kubernetes.io/part-of: argocd
    name: argocd-rbac-cm
  name: argocd-rbac-cm
  namespace: syn
