apiVersion: argoproj.io/v1alpha1
kind: AppProject
metadata:
  name: fragrant-flower
  namespace: syn
spec:
  clusterResourceWhitelist:
    - group: '*'
      kind: '*'
  destinations:
    - namespace: '*'
      server: https://kubernetes.default.svc
  orphanedResources:
    warn: false
  sourceRepos:
    - ssh://git@git.example.com/org/repo.git
