apiVersion: v1
kind: Namespace
metadata:
  annotations: {}
  labels:
    app.kubernetes.io/part-of: argocd
    monitoring.syn.tools/infra: 'true'
    name: syn
    openshift.io/cluster-monitoring: 'true'
  name: syn
